Microchip MPLAB XC8 Compiler V2.40

Linker command line:

-W-3 \
  --edf=C:\Program Files\Microchip\xc8\v2.40\pic\dat\20220703182018_en.msgs \
  -cn -h+dist/default/production\Neptor.X.production.sym \
  --cmf=dist/default/production\Neptor.X.production.cmf -z -Q16F628A \
  -oC:\Users\mauro\AppData\Local\Temp\xcAs234.4 --defsym=__MPLAB_BUILD=1 \
  --fixupoverflow=error -Mdist/default/production/Neptor.X.production.map \
  --md=C:\Users\mauro\AppData\Local\Temp\xcAs234.dat -E1 -ver=XC8 Compiler \
  --acfsm=1493 -ACODE=00h-07FFh -ASTRCODE=00h-07FFh -ASTRING=00h-0FFhx8 \
  -ACONST=00h-0FFhx8 -AENTRY=00h-0FFhx8 -ACOMMON=070h-07Fh \
  -ABANK0=020h-06Fh -ABANK1=0A0h-0EFh -ABANK2=0120h-014Fh \
  -ARAM=020h-06Fh,0A0h-0EFh,0120h-014Fh \
  -AABS1=020h-07Fh,0A0h-0EFh,0120h-014Fh -ASFR0=00h-01Fh -ASFR1=080h-09Fh \
  -ASFR2=0100h-011Fh -ASFR3=0180h-01EFh -ACONFIG=02007h-02007h -DCONFIG=2 \
  -AIDLOC=02000h-02003h -DIDLOC=2 -AEEDATA=00h-07Fh/02100h \
  -peeprom_data=EEDATA -DEEDATA=2 -DCODE=2 -DSTRCODE=2 -DSTRING=2 -DCONST=2 \
  -DENTRY=2 -preset_vec=00h,intentry=04h,init,end_init -ppowerup=CODE \
  -pcinit=CODE -pfunctab=ENTRY -k \
  C:\Users\mauro\AppData\Local\Temp\xcAs234.o \
  dist/default/production\Neptor.X.production.o 

Object code version is 3.11

Machine type is 16F628A



                Name                               Link     Load   Length Selector   Space Scale
C:\Users\mauro\AppData\Local\Temp\xcAs234.o
                end_init                             10       10        1        8       0
                reset_vec                             0        0        1        0       0
                config                             2007     2007        1        0       4
                idloc                              2000     2000        4        0       5
dist/default/production\Neptor.X.production.o
                cinit                                11       11       11        8       0
                intentry                              4        4        C        8       0
                config                             2007     2007        1        0       4
                idloc                              2000     2000        4        0       5
                text33                              451      451       3E      8A2       0
                text32                              26E      26E       57        8       0
                text31                              217      217       57        8       0
                text30                              1C0      1C0       57        8       0
                text29                              169      169       57        8       0
                text28                              6ED      6ED       11      8A2       0
                text27                               22       22       83        8       0
                text26                              5D0      5D0       21      8A2       0
                text25                              5AF      5AF       21      8A2       0
                text24                              545      545       27      8A2       0
                text23                              6D6      6D6       17      8A2       0
                text22                              6BF      6BF       17      8A2       0
                text21                              6A8      6A8       17      8A2       0
                text20                              691      691       17      8A2       0
                text19                              10A      10A       5F        8       0
                text18                              5F1      5F1       1D      8A2       0
                text17                              58E      58E       21      8A2       0
                text16                              51B      51B       2A      8A2       0
                text15                              56C      56C       22      8A2       0
                text14                              48F      48F       36      8A2       0
                text13                              706      706        8      8A2       0
                text12                              4C5      4C5       2C      8A2       0
                text11                              4F1      4F1       2A      8A2       0
                text10                              3BE      3BE       53        8       0
                text9                               36B      36B       53        8       0
                text8                               318      318       53        8       0
                text7                               2C5      2C5       53        8       0
                text6                               65F      65F       1B      8A2       0
                text5                               644      644       1B      8A2       0
                text4                               629      629       1B      8A2       0
                text3                               60E      60E       1B      8A2       0
                text2                               67A      67A       17      8A2       0
                text1                                A5       A5       65        8       0
                maintext                            712      712        3      8A2       0
                cstackBANK0                          20       20       10       20       1
                cstackCOMMON                         70       70        C       70       1
                clrtext                             6FE      6FE        8      8A2       0
                dataBANK0                            3D       3D        4       20       1
                bssBANK0                             30       30        D       20       1
                bssCOMMON                            7C       7C        2       70       1
                strings                             411      411       40      822       0
                idataBANK0                          70E      70E        4      8A2       0

TOTAL           Name                               Link     Load   Length     Space
        CLASS   CODE           
                end_init                             10       10        1         0
                cinit                                11       11       11         0
                intentry                              4        4        C         0
                reset_vec                             0        0        1         0
                text33                              451      451       3E         0
                text32                              26E      26E       57         0
                text31                              217      217       57         0
                text30                              1C0      1C0       57         0
                text29                              169      169       57         0
                text28                              6ED      6ED       11         0
                text27                               22       22       83         0
                text26                              5D0      5D0       21         0
                text25                              5AF      5AF       21         0
                text24                              545      545       27         0
                text23                              6D6      6D6       17         0
                text22                              6BF      6BF       17         0
                text21                              6A8      6A8       17         0
                text20                              691      691       17         0
                text19                              10A      10A       5F         0
                text18                              5F1      5F1       1D         0
                text17                              58E      58E       21         0
                text16                              51B      51B       2A         0
                text15                              56C      56C       22         0
                text14                              48F      48F       36         0
                text13                              706      706        8         0
                text12                              4C5      4C5       2C         0
                text11                              4F1      4F1       2A         0
                text10                              3BE      3BE       53         0
                text9                               36B      36B       53         0
                text8                               318      318       53         0
                text7                               2C5      2C5       53         0
                text6                               65F      65F       1B         0
                text5                               644      644       1B         0
                text4                               629      629       1B         0
                text3                               60E      60E       1B         0
                text2                               67A      67A       17         0
                text1                                A5       A5       65         0
                maintext                            712      712        3         0
                clrtext                             6FE      6FE        8         0
                idataBANK0                          70E      70E        4         0

        CLASS   STRCODE        

        CLASS   STRING         
                strings                             411      411       40         0

        CLASS   CONST          

        CLASS   ENTRY          

        CLASS   COMMON         
                cstackCOMMON                         70       70        C         1
                bssCOMMON                            7C       7C        2         1

        CLASS   BANK0          
                cstackBANK0                          20       20       10         1
                dataBANK0                            3D       3D        4         1
                bssBANK0                             30       30        D         1

        CLASS   BANK1          

        CLASS   BANK2          

        CLASS   RAM            

        CLASS   ABS1           
                abs_s1                               7E       7E        2         1

        CLASS   SFR0           

        CLASS   SFR1           

        CLASS   SFR2           

        CLASS   SFR3           

        CLASS   CONFIG         
                config                             2007     2007        1         4

        CLASS   IDLOC          
                idloc                              2000     2000        4         5

        CLASS   EEDATA         

        CLASS   BANK3          

        CLASS   STACK          



SEGMENTS        Name                           Load    Length   Top    Selector   Space  Class     Delta

                reset_vec                      000000  000001  000001         0       0  CODE        2
                intentry                       000004  00040D  000411         8       0  CODE        2
                cstackBANK0                    000020  000021  000041        20       1  BANK0       1
                cstackCOMMON                   000070  00000E  00007E        70       1  COMMON      1
                strings                        000411  000040  000451       822       0  STRING      2
                text33                         000451  0002C4  000715       8A2       0  CODE        2


UNUSED ADDRESS RANGES

        Name                Unused          Largest block    Delta
        BANK0            0041-006F             2F           1
        BANK1            00A0-00EF             50           1
        BANK2            0120-014F             30           1
        CODE             0001-0003              3           2
                         0715-07FF             EB
        CONST            0001-0003              3           2
                         0715-07FF             EB
        EEDATA           2100-217F             80           2
        ENTRY            0001-0003              3           2
                         0715-07FF             EB
        RAM              0041-006F             2F           1
                         00A0-00EF             50
                         0120-014F             30
        SFR0             0000-001F             20           1
        SFR1             0080-009F             20           1
        SFR2             0100-011F             20           1
        SFR3             0180-01EF             70           1
        STRCODE          0001-0003              3           2
                         0715-07FF             EB
        STRING           0001-0003              3           2
                         0715-07FF             EB

                                  Symbol Table

?_DataCompare             cstackCOMMON 0070
?_USARTRead               cstackCOMMON 0070
?___wmul                  cstackBANK0  0024
?i1___wmul                cstackCOMMON 0070
DataCompare@Buffer        cstackCOMMON 0075
DataCompare@Data          cstackCOMMON 0070
DataCompare@i             cstackCOMMON 0076
DataCompare@length        cstackCOMMON 0071
Delay_HalfSeg@i           cstackBANK0  002E
Delay_HalfSeg@j           cstackBANK0  002A
Delay_Seg@i               cstackBANK0  002E
Delay_Seg@j               cstackBANK0  002A
M1Left@PWM                cstackBANK0  0024
M1Right@PWM               cstackBANK0  0024
M2Left@PWM                cstackBANK0  0024
M2Right@PWM               cstackBANK0  0024
ReceiveControl@Rxdata     cstackCOMMON 0078
USARTRead@Rxdata          cstackCOMMON 0073
USARTRead@j               cstackCOMMON 0074
USARTWrite@i              cstackBANK0  0027
USARTWrite@length         cstackBANK0  0024
USARTWrite@text           cstackBANK0  0029
_CMCON                    (abs)        001F
_DataCompare              text33       0451
_Data_Length              bssCOMMON    007C
_Delay_HalfSeg            text16       051B
_Delay_Seg                text11       04F1
_GeneralConfig            text12       04C5
_GeneralInterrupt         text18       05F1
_HC06Config               text14       048F
_HC06_Data                bssBANK0     003A
_INTCONbits               (abs)        000B
_INTF                     (abs)        0059
_M1Left                   text10       03BE
_M1Right                  text9        036B
_M1Step                   bssBANK0     0034
_M2Left                   text8        0318
_M2Right                  text7        02C5
_M2Step                   bssBANK0     0032
_ManualMode               bssBANK0     0038
_MotorPWM                 dataBANK0    003F
_MoveBackward             text6        065F
_MoveForward              text5        0644
_MoveLeft                 text4        0629
_MoveRight                text3        060E
_OPTION_REGbits           (abs)        0081
_OSCF                     (abs)        0473
_PIE1bits                 (abs)        008C
_PIR1bits                 (abs)        000C
_PORTAbits                (abs)        0005
_PORTBbits                (abs)        0006
_PWM_Limit                dataBANK0    003D
_Pressed                  bssBANK0     0036
_RCREG                    (abs)        001A
_RCSTA                    (abs)        0018
_RCSTAbits                (abs)        0018
_ReceiveControl           text27       0022
_RobotControl             text1        00A5
_SPBRG                    (abs)        0099
_Stop                     text2        067A
_T1CON                    (abs)        0010
_TMR1                     (abs)        000E
_TRISAbits                (abs)        0085
_TRISBbits                (abs)        0086
_TXREG                    (abs)        0019
_TXSTA                    (abs)        0098
_TXSTAbits                (abs)        0098
_USARTConfig              text13       0706
_USARTRead                text26       05D0
_USARTWrite               text15       056C
__Habs1                   abs1         0000
__Hbank0                  bank0        0000
__Hbank1                  bank1        0000
__Hbank2                  bank2        0000
__Hbank3                  bank3        0000
__HbssBANK0               bssBANK0     0000
__HbssCOMMON              bssCOMMON    0000
__Hcinit                  cinit        0022
__Hclrtext                clrtext      0000
__Hcode                   code         0000
__Hcommon                 common       0000
__Hconfig                 config       2008
__HcstackBANK0            cstackBANK0  0000
__HcstackCOMMON           cstackCOMMON 0000
__HdataBANK0              dataBANK0    0000
__Heeprom_data            eeprom_data  0000
__Hend_init               end_init     0011
__Hfunctab                functab      0000
__HidataBANK0             idataBANK0   0000
__Hidloc                  idloc        2004
__Hinit                   init         0010
__Hintentry               intentry     0010
__Hmaintext               maintext     0000
__Hpowerup                powerup      0000
__Hram                    ram          0000
__Hreset_vec              reset_vec    0001
__Hsfr0                   sfr0         0000
__Hsfr1                   sfr1         0000
__Hsfr2                   sfr2         0000
__Hsfr3                   sfr3         0000
__Hspace_0                (abs)        0715
__Hspace_1                (abs)        007E
__Hspace_2                (abs)        0000
__Hspace_3                (abs)        0000
__Hspace_4                (abs)        400F
__Hstack                  stack        0000
__Hstrings                strings      0000
__Htext                   text         0000
__Labs1                   abs1         0000
__Lbank0                  bank0        0000
__Lbank1                  bank1        0000
__Lbank2                  bank2        0000
__Lbank3                  bank3        0000
__LbssBANK0               bssBANK0     0000
__LbssCOMMON              bssCOMMON    0000
__Lcinit                  cinit        0011
__Lclrtext                clrtext      0000
__Lcode                   code         0000
__Lcommon                 common       0000
__Lconfig                 config       0000
__LcstackBANK0            cstackBANK0  0000
__LcstackCOMMON           cstackCOMMON 0000
__LdataBANK0              dataBANK0    0000
__Leeprom_data            eeprom_data  0000
__Lend_init               end_init     0010
__Lfunctab                functab      0000
__LidataBANK0             idataBANK0   0000
__Lidloc                  idloc        0000
__Linit                   init         0010
__Lintentry               intentry     0004
__Lmaintext               maintext     0000
__Lpowerup                powerup      0000
__Lram                    ram          0000
__Lreset_vec              reset_vec    0000
__Lsfr0                   sfr0         0000
__Lsfr1                   sfr1         0000
__Lsfr2                   sfr2         0000
__Lsfr3                   sfr3         0000
__Lspace_0                (abs)        0000
__Lspace_1                (abs)        0000
__Lspace_2                (abs)        0000
__Lspace_3                (abs)        0000
__Lspace_4                (abs)        0000
__Lstack                  stack        0000
__Lstrings                strings      0000
__Ltext                   text         0000
__S0                      (abs)        0715
__S1                      (abs)        007E
__S3                      (abs)        0000
___int_sp                 stack        0000
___latbits                (abs)        0000
___sp                     stack        0000
___stackhi                (abs)        0000
___stacklo                (abs)        0000
___wmul                   text17       058E
___wmul@multiplicand      cstackBANK0  0026
___wmul@multiplier        cstackBANK0  0024
___wmul@product           cstackBANK0  0028
__end_of_DataCompare      text33       048F
__end_of_Delay_HalfSeg    text16       0545
__end_of_Delay_Seg        text11       051B
__end_of_GeneralConfig    text12       04F1
__end_of_GeneralInterrupt text18       060E
__end_of_HC06Config       text14       04C5
__end_of_M1Left           text10       0411
__end_of_M1Right          text9        03BE
__end_of_M2Left           text8        036B
__end_of_M2Right          text7        0318
__end_of_MoveBackward     text6        067A
__end_of_MoveForward      text5        065F
__end_of_MoveLeft         text4        0644
__end_of_MoveRight        text3        0629
__end_of_ReceiveControl   text27       00A5
__end_of_RobotControl     text1        010A
__end_of_Stop             text2        0691
__end_of_USARTConfig      text13       070E
__end_of_USARTRead        text26       05F1
__end_of_USARTWrite       text15       058E
__end_of___wmul           text17       05AF
__end_of__initialization  cinit        0020
__end_of__stringtab       strings      0417
__end_of_main             maintext     0715
__end_ofi1_Delay_Seg      text24       056C
__end_ofi1_M1Left         text32       02C5
__end_ofi1_M1Right        text31       026E
__end_ofi1_M2Left         text30       0217
__end_ofi1_M2Right        text29       01C0
__end_ofi1_MoveBackward   text23       06ED
__end_ofi1_MoveForward    text22       06D6
__end_ofi1_MoveLeft       text21       06BF
__end_ofi1_MoveRight      text20       06A8
__end_ofi1_RobotControl   text19       0169
__end_ofi1_Stop           text28       06FE
__end_ofi1___wmul         text25       05D0
__initialization          cinit        0011
__pbssBANK0               bssBANK0     0030
__pbssCOMMON              bssCOMMON    007C
__pcstackBANK0            cstackBANK0  0020
__pcstackCOMMON           cstackCOMMON 0070
__pdataBANK0              dataBANK0    003D
__pidataBANK0             idataBANK0   070E
__pintentry               intentry     0004
__pmaintext               maintext     0712
__pstrings                strings      0411
__ptext1                  text1        00A5
__ptext10                 text10       03BE
__ptext11                 text11       04F1
__ptext12                 text12       04C5
__ptext13                 text13       0706
__ptext14                 text14       048F
__ptext15                 text15       056C
__ptext16                 text16       051B
__ptext17                 text17       058E
__ptext18                 text18       05F1
__ptext19                 text19       010A
__ptext2                  text2        067A
__ptext20                 text20       0691
__ptext21                 text21       06A8
__ptext22                 text22       06BF
__ptext23                 text23       06D6
__ptext24                 text24       0545
__ptext25                 text25       05AF
__ptext26                 text26       05D0
__ptext27                 text27       0022
__ptext28                 text28       06ED
__ptext29                 text29       0169
__ptext3                  text3        060E
__ptext30                 text30       01C0
__ptext31                 text31       0217
__ptext32                 text32       026E
__ptext33                 text33       0451
__ptext4                  text4        0629
__ptext5                  text5        0644
__ptext6                  text6        065F
__ptext7                  text7        02C5
__ptext8                  text8        0318
__ptext9                  text9        036B
__stringbase              strings      0416
__stringtab               strings      0411
_i                        bssBANK0     0030
_main                     maintext     0712
btemp                     (abs)        007E
clear_ram0                clrtext      06FE
end_of_initialization     cinit        0020
i1Delay_Seg@i             cstackCOMMON 007A
i1Delay_Seg@j             cstackCOMMON 0076
i1M1Left@PWM              cstackCOMMON 0070
i1M1Right@PWM             cstackCOMMON 0070
i1M2Left@PWM              cstackCOMMON 0070
i1M2Right@PWM             cstackCOMMON 0070
i1_Delay_Seg              text24       0545
i1_M1Left                 text32       026E
i1_M1Right                text31       0217
i1_M2Left                 text30       01C0
i1_M2Right                text29       0169
i1_MoveBackward           text23       06D6
i1_MoveForward            text22       06BF
i1_MoveLeft               text21       06A8
i1_MoveRight              text20       0691
i1_RobotControl           text19       010A
i1_Stop                   text28       06ED
i1___wmul                 text25       05AF
i1___wmul@multiplicand    cstackCOMMON 0072
i1___wmul@multiplier      cstackCOMMON 0070
i1___wmul@product         cstackCOMMON 0074
interrupt_function        intentry     0004
intlevel0                 functab      0000
intlevel1                 functab      0000
intlevel2                 functab      0000
intlevel3                 functab      0000
intlevel4                 functab      0000
intlevel5                 functab      0000
reset_vec                 reset_vec    0000
saved_w                   (abs)        007E
start                     init         0010
start_initialization      cinit        0011
wtemp0                    (abs)        007E


MODULE INFORMATION

Module		Function		Class		Link	Load	Size
USART.c
		_HC06Config    		CODE           	048F	0000	54
		_USARTWrite    		CODE           	056C	0000	34
		_ReceiveControl		CODE           	0022	0000	131
		_USARTConfig   		CODE           	0706	0000	8
		_USARTRead     		CODE           	05D0	0000	33
		_DataCompare   		CODE           	0451	0000	62

USART.c estimated size: 322

DBot_Main.c
		_main          		CODE           	0712	0000	3
		_GeneralConfig 		CODE           	04C5	0000	44
		_GeneralInterrupt		CODE           	05F1	0000	29

DBot_Main.c estimated size: 76

Control.c
		_MoveLeft      		CODE           	0629	0000	27
		_MoveRight     		CODE           	060E	0000	27
		_RobotControl  		CODE           	00A5	0000	101
		_MoveForward   		CODE           	0644	0000	27
		_Stop          		CODE           	067A	0000	23
		_MoveBackward  		CODE           	065F	0000	27

Control.c estimated size: 232

C:\Program Files\Microchip\xc8\v2.40\pic\sources\c90\common\Umul16.c
		___wmul        		CODE           	058E	0000	33

C:\Program Files\Microchip\xc8\v2.40\pic\sources\c90\common\Umul16.c estimated size: 33

PWM.c
		_M1Left        		CODE           	03BE	0000	83
		_M2Left        		CODE           	0318	0000	83
		_M1Right       		CODE           	036B	0000	83
		_M2Right       		CODE           	02C5	0000	83

PWM.c estimated size: 332

shared
		i1_MoveRight   		CODE           	0691	0000	23
		__stringtab    		STRING         	0411	0000	6
		i1_M1Left      		CODE           	026E	0000	87
		i1_MoveBackward		CODE           	06D6	0000	23
		i1_M2Left      		CODE           	01C0	0000	87
		i1_M1Right     		CODE           	0217	0000	87
		i1_M2Right     		CODE           	0169	0000	87
		i1___wmul      		CODE           	05AF	0000	33
		__initialization		CODE           	0011	0000	15
		i1_Delay_Seg   		CODE           	0545	0000	39
		i1_Stop        		CODE           	06ED	0000	17
		i1_MoveForward 		CODE           	06BF	0000	23
		i1_MoveLeft    		CODE           	06A8	0000	23
		i1_RobotControl		CODE           	010A	0000	95

shared estimated size: 645

MyDelays.c
		_Delay_HalfSeg 		CODE           	051B	0000	42
		_Delay_Seg     		CODE           	04F1	0000	42

MyDelays.c estimated size: 84

